<?xml version="1.0" encoding="UTF-8"?>
<metadata>
  <groupId>org.jenkins-ci.main</groupId>
  <artifactId>jenkins-war</artifactId>
  <versioning>
    <latest>2.276</latest>
    <release>2.263.3</release>
    <versions>
      <version>1.396</version>
      <version>1.397</version>
      <version>1.398</version>
      <version>1.399</version>
      <version>1.400</version>
      <version>1.401</version>
      <version>1.403</version>
      <version>1.404</version>
      <version>1.405</version>
      <version>1.406</version>
      <version>1.407</version>
      <version>1.408</version>
      <version>1.409</version>
      <version>1.409.1</version>
      <version>1.409.2</version>
      <version>1.409.3</version>
      <version>1.410</version>
      <version>1.411</version>
      <version>1.412</version>
      <version>1.413</version>
      <version>1.414</version>
      <version>1.415</version>
      <version>1.416</version>
      <version>1.417</version>
      <version>1.418</version>
      <version>1.419</version>
      <version>1.420</version>
      <version>1.421</version>
      <version>1.422</version>
      <version>1.423</version>
      <version>1.424</version>
      <version>1.424.1</version>
      <version>1.424.2</version>
      <version>1.424.3</version>
      <version>1.424.4</version>
      <version>1.424.5</version>
      <version>1.424.6</version>
      <version>1.425</version>
      <version>1.426</version>
      <version>1.427</version>
      <version>1.428</version>
      <version>1.429</version>
      <version>1.430</version>
      <version>1.431</version>
      <version>1.432</version>
      <version>1.433</version>
      <version>1.434</version>
      <version>1.435</version>
      <version>1.436</version>
      <version>1.437</version>
      <version>1.438</version>
      <version>1.439</version>
      <version>1.440</version>
      <version>1.441</version>
      <version>1.442</version>
      <version>1.443</version>
      <version>1.444</version>
      <version>1.445</version>
      <version>1.446</version>
      <version>1.447</version>
      <version>1.447.1</version>
      <version>1.447.2</version>
      <version>1.448</version>
      <version>1.449</version>
      <version>1.450</version>
      <version>1.451</version>
      <version>1.452</version>
      <version>1.453</version>
      <version>1.454</version>
      <version>1.455</version>
      <version>1.456</version>
      <version>1.457</version>
      <version>1.458</version>
      <version>1.459</version>
      <version>1.460</version>
      <version>1.461</version>
      <version>1.462</version>
      <version>1.463</version>
      <version>1.464</version>
      <version>1.465</version>
      <version>1.466</version>
      <version>1.466.1</version>
      <version>1.466.2</version>
      <version>1.467</version>
      <version>1.468</version>
      <version>1.469</version>
      <version>1.470</version>
      <version>1.471</version>
      <version>1.472</version>
      <version>1.473</version>
      <version>1.474</version>
      <version>1.475</version>
      <version>1.476</version>
      <version>1.477</version>
      <version>1.478</version>
      <version>1.479</version>
      <version>1.480</version>
      <version>1.480.1</version>
      <version>1.480.2</version>
      <version>1.480.3</version>
      <version>1.481</version>
      <version>1.482</version>
      <version>1.483</version>
      <version>1.484</version>
      <version>1.485</version>
      <version>1.486</version>
      <version>1.487</version>
      <version>1.488</version>
      <version>1.489</version>
      <version>1.490</version>
      <version>1.491</version>
      <version>1.492</version>
      <version>1.493</version>
      <version>1.494</version>
      <version>1.495</version>
      <version>1.496</version>
      <version>1.497</version>
      <version>1.498</version>
      <version>1.499</version>
      <version>1.500</version>
      <version>1.501</version>
      <version>1.502</version>
      <version>1.503</version>
      <version>1.504</version>
      <version>1.505</version>
      <version>1.506</version>
      <version>1.507</version>
      <version>1.508</version>
      <version>1.509</version>
      <version>1.509.1</version>
      <version>1.509.2</version>
      <version>1.509.2.JENKINS-8856-diag</version>
      <version>1.509.2.JENKINS-14362-jzlib</version>
      <version>1.509.3</version>
      <version>1.509.3.JENKINS-14362-jzlib</version>
      <version>1.509.4</version>
      <version>1.510</version>
      <version>1.511</version>
      <version>1.512</version>
      <version>1.513</version>
      <version>1.513.JENKINS-14362-jzlib</version>
      <version>1.514</version>
      <version>1.515</version>
      <version>1.516</version>
      <version>1.516.JENKINS-14362-jzlib</version>
      <version>1.517</version>
      <version>1.518</version>
      <version>1.518.JENKINS-14362-jzlib</version>
      <version>1.519</version>
      <version>1.520</version>
      <version>1.521</version>
      <version>1.522</version>
      <version>1.523</version>
      <version>1.524</version>
      <version>1.525</version>
      <version>1.526</version>
      <version>1.527</version>
      <version>1.528</version>
      <version>1.529</version>
      <version>1.530</version>
      <version>1.531</version>
      <version>1.532</version>
      <version>1.532.1</version>
      <version>1.532.1.JENKINS-19453</version>
      <version>1.532.2</version>
      <version>1.532.2.JENKINS-21622-diag</version>
      <version>1.532.2.JENKINS-22395-diag</version>
      <version>1.532.3</version>
      <version>1.532.3.JENKINS-22395</version>
      <version>1.532.3.JENKINS-22395-2</version>
      <version>1.533</version>
      <version>1.534</version>
      <version>1.535</version>
      <version>1.536</version>
      <version>1.537</version>
      <version>1.538</version>
      <version>1.539</version>
      <version>1.540</version>
      <version>1.541</version>
      <version>1.542</version>
      <version>1.543</version>
      <version>1.544</version>
      <version>1.545</version>
      <version>1.546</version>
      <version>1.547</version>
      <version>1.548</version>
      <version>1.549</version>
      <version>1.550</version>
      <version>1.551</version>
      <version>1.552</version>
      <version>1.553</version>
      <version>1.554</version>
      <version>1.554.1</version>
      <version>1.554.2</version>
      <version>1.554.3</version>
      <version>1.554.3.JENKINS-18065-ALLRM-all</version>
      <version>1.554.3.JENKINS-18065-JENKINS-23945</version>
      <version>1.555</version>
      <version>1.556</version>
      <version>1.557</version>
      <version>1.558</version>
      <version>1.559</version>
      <version>1.560</version>
      <version>1.561</version>
      <version>1.562</version>
      <version>1.563</version>
      <version>1.564</version>
      <version>1.565</version>
      <version>1.565.1</version>
      <version>1.565.1.JENKINS-22395-dropLinks</version>
      <version>1.565.2</version>
      <version>1.565.3</version>
      <version>1.566</version>
      <version>1.567</version>
      <version>1.568</version>
      <version>1.569</version>
      <version>1.570</version>
      <version>1.571</version>
      <version>1.572</version>
      <version>1.573</version>
      <version>1.574</version>
      <version>1.575</version>
      <version>1.576</version>
      <version>1.577</version>
      <version>1.578</version>
      <version>1.579</version>
      <version>1.580</version>
      <version>1.580.1</version>
      <version>1.580.1.JENKINS-26201-workspace-lock-1</version>
      <version>1.580.2</version>
      <version>1.580.3</version>
      <version>1.581</version>
      <version>1.582</version>
      <version>1.583</version>
      <version>1.584</version>
      <version>1.585</version>
      <version>1.586</version>
      <version>1.587</version>
      <version>1.588</version>
      <version>1.589</version>
      <version>1.590</version>
      <version>1.591</version>
      <version>1.592</version>
      <version>1.593</version>
      <version>1.594</version>
      <version>1.595</version>
      <version>1.596</version>
      <version>1.596.1</version>
      <version>1.596.2</version>
      <version>1.596.3</version>
      <version>1.597</version>
      <version>1.598</version>
      <version>1.599</version>
      <version>1.600</version>
      <version>1.601</version>
      <version>1.602</version>
      <version>1.604</version>
      <version>1.605</version>
      <version>1.606</version>
      <version>1.607</version>
      <version>1.608</version>
      <version>1.609</version>
      <version>1.609.1</version>
      <version>1.609.2</version>
      <version>1.609.3</version>
      <version>1.610</version>
      <version>1.611</version>
      <version>1.612</version>
      <version>1.613</version>
      <version>1.614</version>
      <version>1.615</version>
      <version>1.616</version>
      <version>1.617</version>
      <version>1.618</version>
      <version>1.619</version>
      <version>1.620</version>
      <version>1.621</version>
      <version>1.622</version>
      <version>1.623</version>
      <version>1.624</version>
      <version>1.625</version>
      <version>1.625.1</version>
      <version>1.625.2</version>
      <version>1.625.3</version>
      <version>1.626</version>
      <version>1.627</version>
      <version>1.628</version>
      <version>1.629</version>
      <version>1.630</version>
      <version>1.631</version>
      <version>1.632</version>
      <version>1.633</version>
      <version>1.634</version>
      <version>1.635</version>
      <version>1.636</version>
      <version>1.637</version>
      <version>1.638</version>
      <version>1.639</version>
      <version>1.640</version>
      <version>1.641</version>
      <version>1.642</version>
      <version>1.642.1</version>
      <version>1.642.2</version>
      <version>1.642.3</version>
      <version>1.642.4</version>
      <version>1.643</version>
      <version>1.644</version>
      <version>1.645</version>
      <version>1.646</version>
      <version>1.647</version>
      <version>1.648</version>
      <version>1.649</version>
      <version>1.650</version>
      <version>1.651</version>
      <version>1.651.1</version>
      <version>1.651.2</version>
      <version>1.651.3</version>
      <version>1.652</version>
      <version>1.653</version>
      <version>1.654</version>
      <version>1.655</version>
      <version>1.656</version>
      <version>1.657</version>
      <version>1.658</version>
      <version>2.0-alpha-1</version>
      <version>2.0-alpha-2</version>
      <version>2.0-alpha-3</version>
      <version>2.0-alpha-4</version>
      <version>2.0-beta-1</version>
      <version>2.0-beta-2</version>
      <version>2.0-rc-1</version>
      <version>2.0</version>
      <version>2.1</version>
      <version>2.2</version>
      <version>2.3</version>
      <version>2.4</version>
      <version>2.5</version>
      <version>2.6</version>
      <version>2.7</version>
      <version>2.7.1</version>
      <version>2.7.2</version>
      <version>2.7.3</version>
      <version>2.7.4</version>
      <version>2.8</version>
      <version>2.9</version>
      <version>2.10</version>
      <version>2.11</version>
      <version>2.12</version>
      <version>2.13</version>
      <version>2.14</version>
      <version>2.15</version>
      <version>2.16</version>
      <version>2.17</version>
      <version>2.18</version>
      <version>2.19</version>
      <version>2.19.1</version>
      <version>2.19.2</version>
      <version>2.19.3</version>
      <version>2.19.4</version>
      <version>2.20</version>
      <version>2.21</version>
      <version>2.22</version>
      <version>2.23</version>
      <version>2.24</version>
      <version>2.25</version>
      <version>2.26</version>
      <version>2.27</version>
      <version>2.28</version>
      <version>2.29</version>
      <version>2.30</version>
      <version>2.31</version>
      <version>2.32</version>
      <version>2.32.1</version>
      <version>2.32.2</version>
      <version>2.32.3</version>
      <version>2.33</version>
      <version>2.34</version>
      <version>2.35</version>
      <version>2.36</version>
      <version>2.37</version>
      <version>2.38</version>
      <version>2.39</version>
      <version>2.40</version>
      <version>2.41</version>
      <version>2.42</version>
      <version>2.43</version>
      <version>2.44</version>
      <version>2.45</version>
      <version>2.46</version>
      <version>2.46.1</version>
      <version>2.46.2</version>
      <version>2.46.3</version>
      <version>2.47</version>
      <version>2.48</version>
      <version>2.49</version>
      <version>2.50</version>
      <version>2.51</version>
      <version>2.52</version>
      <version>2.53</version>
      <version>2.54</version>
      <version>2.55</version>
      <version>2.56</version>
      <version>2.57</version>
      <version>2.58</version>
      <version>2.59</version>
      <version>2.60</version>
      <version>2.60.1</version>
      <version>2.60.2</version>
      <version>2.60.3</version>
      <version>2.61</version>
      <version>2.62</version>
      <version>2.63</version>
      <version>2.64</version>
      <version>2.65</version>
      <version>2.66</version>
      <version>2.67</version>
      <version>2.68</version>
      <version>2.69</version>
      <version>2.70</version>
      <version>2.71</version>
      <version>2.72</version>
      <version>2.73</version>
      <version>2.73.1</version>
      <version>2.73.2</version>
      <version>2.73.3</version>
      <version>2.74</version>
      <version>2.75</version>
      <version>2.76</version>
      <version>2.77</version>
      <version>2.78</version>
      <version>2.79</version>
      <version>2.80</version>
      <version>2.81</version>
      <version>2.82</version>
      <version>2.83</version>
      <version>2.84</version>
      <version>2.85</version>
      <version>2.86</version>
      <version>2.87</version>
      <version>2.88</version>
      <version>2.89</version>
      <version>2.89.1</version>
      <version>2.89.2</version>
      <version>2.89.3</version>
      <version>2.89.4</version>
      <version>2.90</version>
      <version>2.91</version>
      <version>2.92</version>
      <version>2.93</version>
      <version>2.94</version>
      <version>2.95</version>
      <version>2.96</version>
      <version>2.97</version>
      <version>2.98</version>
      <version>2.99</version>
      <version>2.100</version>
      <version>2.101</version>
      <version>2.102</version>
      <version>2.103</version>
      <version>2.104</version>
      <version>2.105</version>
      <version>2.106</version>
      <version>2.107</version>
      <version>2.107.1</version>
      <version>2.107.2</version>
      <version>2.107.3</version>
      <version>2.108</version>
      <version>2.109</version>
      <version>2.110</version>
      <version>2.111</version>
      <version>2.112</version>
      <version>2.113</version>
      <version>2.114</version>
      <version>2.115</version>
      <version>2.116</version>
      <version>2.117</version>
      <version>2.118</version>
      <version>2.119</version>
      <version>2.120</version>
      <version>2.121</version>
      <version>2.121.1</version>
      <version>2.121.2</version>
      <version>2.121.3</version>
      <version>2.122</version>
      <version>2.123</version>
      <version>2.124</version>
      <version>2.125</version>
      <version>2.126</version>
      <version>2.127</version>
      <version>2.128</version>
      <version>2.129</version>
      <version>2.130</version>
      <version>2.131</version>
      <version>2.132</version>
      <version>2.133</version>
      <version>2.134</version>
      <version>2.135</version>
      <version>2.136</version>
      <version>2.137</version>
      <version>2.138</version>
      <version>2.138.1</version>
      <version>2.138.2</version>
      <version>2.138.3</version>
      <version>2.138.4</version>
      <version>2.140</version>
      <version>2.141</version>
      <version>2.142</version>
      <version>2.143</version>
      <version>2.144</version>
      <version>2.145</version>
      <version>2.146</version>
      <version>2.147</version>
      <version>2.148</version>
      <version>2.149</version>
      <version>2.150</version>
      <version>2.150.1</version>
      <version>2.150.2</version>
      <version>2.150.3</version>
      <version>2.151</version>
      <version>2.152</version>
      <version>2.153</version>
      <version>2.154</version>
      <version>2.155</version>
      <version>2.156</version>
      <version>2.157</version>
      <version>2.158</version>
      <version>2.159</version>
      <version>2.160</version>
      <version>2.161</version>
      <version>2.162</version>
      <version>2.163</version>
      <version>2.164</version>
      <version>2.164.1</version>
      <version>2.164.2</version>
      <version>2.164.3</version>
      <version>2.165</version>
      <version>2.166</version>
      <version>2.167</version>
      <version>2.168</version>
      <version>2.169</version>
      <version>2.170</version>
      <version>2.171</version>
      <version>2.172</version>
      <version>2.173</version>
      <version>2.174</version>
      <version>2.175</version>
      <version>2.176</version>
      <version>2.176.1</version>
      <version>2.176.2</version>
      <version>2.176.3</version>
      <version>2.176.4</version>
      <version>2.177</version>
      <version>2.178</version>
      <version>2.179</version>
      <version>2.180</version>
      <version>2.181</version>
      <version>2.182</version>
      <version>2.183</version>
      <version>2.184</version>
      <version>2.185</version>
      <version>2.186</version>
      <version>2.187</version>
      <version>2.189</version>
      <version>2.190</version>
      <version>2.190.1</version>
      <version>2.190.2</version>
      <version>2.190.3</version>
      <version>2.191</version>
      <version>2.192</version>
      <version>2.193</version>
      <version>2.194</version>
      <version>2.195</version>
      <version>2.196</version>
      <version>2.197</version>
      <version>2.198</version>
      <version>2.199</version>
      <version>2.200</version>
      <version>2.201</version>
      <version>2.202</version>
      <version>2.203</version>
      <version>2.204</version>
      <version>2.204.1</version>
      <version>2.204.2</version>
      <version>2.204.3</version>
      <version>2.204.4</version>
      <version>2.204.5</version>
      <version>2.204.6</version>
      <version>2.205</version>
      <version>2.206</version>
      <version>2.207</version>
      <version>2.208</version>
      <version>2.209</version>
      <version>2.210</version>
      <version>2.211</version>
      <version>2.212</version>
      <version>2.213</version>
      <version>2.214</version>
      <version>2.215</version>
      <version>2.217</version>
      <version>2.218</version>
      <version>2.219</version>
      <version>2.220</version>
      <version>2.221</version>
      <version>2.222</version>
      <version>2.222.1</version>
      <version>2.222.3</version>
      <version>2.222.4</version>
      <version>2.223</version>
      <version>2.224</version>
      <version>2.225</version>
      <version>2.226</version>
      <version>2.227</version>
      <version>2.228</version>
      <version>2.229</version>
      <version>2.230</version>
      <version>2.231</version>
      <version>2.232</version>
      <version>2.233</version>
      <version>2.234</version>
      <version>2.235</version>
      <version>2.235.1</version>
      <version>2.235.2</version>
      <version>2.235.3</version>
      <version>2.235.4</version>
      <version>2.235.5</version>
      <version>2.236</version>
      <version>2.237</version>
      <version>2.238</version>
      <version>2.239</version>
      <version>2.240</version>
      <version>2.241</version>
      <version>2.242</version>
      <version>2.243</version>
      <version>2.244</version>
      <version>2.245</version>
      <version>2.246</version>
      <version>2.247</version>
      <version>2.248</version>
      <version>2.249</version>
      <version>2.249.1</version>
      <version>2.249.2</version>
      <version>2.249.3</version>
      <version>2.250</version>
      <version>2.251</version>
      <version>2.252</version>
      <version>2.253</version>
      <version>2.254</version>
      <version>2.255</version>
      <version>2.256</version>
      <version>2.257</version>
      <version>2.258</version>
      <version>2.259</version>
      <version>2.260</version>
      <version>2.261</version>
      <version>2.262</version>
      <version>2.263</version>
      <version>2.263.1</version>
      <version>2.263.2</version>
      <version>2.263.3</version>
      <version>2.264</version>
      <version>2.265</version>
      <version>2.266</version>
      <version>2.267</version>
      <version>2.268</version>
      <version>2.269</version>
      <version>2.270</version>
      <version>2.271</version>
      <version>2.272</version>
      <version>2.273</version>
      <version>2.274</version>
      <version>2.275</version>
      <version>2.276</version>
    </versions>
    <lastUpdated>20210125170105</lastUpdated>
  </versioning>
</metadata>
